
Memory Configuration

Name             Origin             Length             Attributes
flash            0x00000000         0x20000000         xr
sram             0x20000000         0x20000000         xrw
*default*        0x00000000         0xffffffff

Linker script and memory map


.text           0x00000000      0x178
 *(.vectors*)
 .vectors       0x00000000       0x1c startup.o
                0x00000000                gpf_vectors
 *(.text*)
 .text          0x0000001c       0xa0 main.o
                0x0000001c                main
 .text          0x000000bc       0xbc startup.o
                0x000000bc                MM_Fault_Handler
                0x000000bc                Usage_Fault_Handler
                0x000000bc                Bus_Fault
                0x000000bc                Default_Handler
                0x000000bc                H_fault_Handler
                0x000000bc                NMI_Handler
                0x000000c8                Reset_Handler
 *(.rodata)
                0x00000178                _E_text = .

.glue_7         0x00000178        0x0
 .glue_7        0x00000000        0x0 linker stubs

.glue_7t        0x00000178        0x0
 .glue_7t       0x00000000        0x0 linker stubs

.vfp11_veneer   0x00000178        0x0
 .vfp11_veneer  0x00000000        0x0 linker stubs

.v4_bx          0x00000178        0x0
 .v4_bx         0x00000000        0x0 linker stubs

.iplt           0x00000178        0x0
 .iplt          0x00000000        0x0 main.o

.rel.dyn        0x00000178        0x0
 .rel.iplt      0x00000000        0x0 main.o

.data           0x20000000        0x0 load address 0x00000178
                0x20000000                _S_data = .
 *(.data)
 .data          0x20000000        0x0 main.o
 .data          0x20000000        0x0 startup.o
                0x20000000                . = ALIGN (0x4)
                0x20000000                _E_data = .

.igot.plt       0x20000000        0x0 load address 0x00000178
 .igot.plt      0x00000000        0x0 main.o

.bss            0x20000000      0x400 load address 0x00000178
                0x20000000                _S_bss = .
 *(.bss*)
 .bss           0x20000000        0x0 main.o
 .bss           0x20000000      0x400 startup.o
                0x20000400                _E_bss = .
LOAD main.o
LOAD startup.o
OUTPUT(learn-in-depth-cortex-m4.elf elf32-littlearm)

.debug_info     0x00000000      0x1e1
 .debug_info    0x00000000       0x5f main.o
 .debug_info    0x0000005f      0x182 startup.o

.debug_abbrev   0x00000000      0x117
 .debug_abbrev  0x00000000       0x51 main.o
 .debug_abbrev  0x00000051       0xc6 startup.o

.debug_loc      0x00000000       0x9c
 .debug_loc     0x00000000       0x38 main.o
 .debug_loc     0x00000038       0x64 startup.o

.debug_aranges  0x00000000       0x40
 .debug_aranges
                0x00000000       0x20 main.o
 .debug_aranges
                0x00000020       0x20 startup.o

.debug_line     0x00000000       0xaf
 .debug_line    0x00000000       0x48 main.o
 .debug_line    0x00000048       0x67 startup.o

.debug_str      0x00000000      0x123
 .debug_str     0x00000000       0x4b main.o
 .debug_str     0x0000004b       0xd8 startup.o
                                0x145 (size before relaxing)

.comment        0x00000000       0x11
 .comment       0x00000000       0x11 main.o
                                 0x12 (size before relaxing)
 .comment       0x00000000       0x12 startup.o

.ARM.attributes
                0x00000000       0x33
 .ARM.attributes
                0x00000000       0x33 main.o
 .ARM.attributes
                0x00000033       0x33 startup.o

.debug_frame    0x00000000       0x78
 .debug_frame   0x00000000       0x2c main.o
 .debug_frame   0x0000002c       0x4c startup.o
