
Allocating common symbols
Common symbol       size              file

bss_var             0x1               main.o

Memory Configuration

Name             Origin             Length             Attributes
flash            0x08000000         0x00020000         xr
sram             0x20000000         0x00005000         xrw
*default*        0x00000000         0xffffffff

Linker script and memory map


.text           0x08000000      0x180
 *(.vectors*)
 .vectors       0x08000000       0x1c startup.o
                0x08000000                vectors
 *(.text*)
 .text          0x0800001c       0xa8 main.o
                0x0800001c                main
 .text          0x080000c4       0xbc startup.o
                0x080000c4                Reset_Handler
                0x08000174                MM_Fault_Handler
                0x08000174                Bus_Fault
                0x08000174                Default_Handler
                0x08000174                H_fault_Handler
                0x08000174                Usage_Fault_Handler
                0x08000174                NMI_Handler
 *(.rodata)
                0x08000180                _E_text = .

.glue_7         0x08000180        0x0
 .glue_7        0x00000000        0x0 linker stubs

.glue_7t        0x08000180        0x0
 .glue_7t       0x00000000        0x0 linker stubs

.vfp11_veneer   0x08000180        0x0
 .vfp11_veneer  0x00000000        0x0 linker stubs

.v4_bx          0x08000180        0x0
 .v4_bx         0x00000000        0x0 linker stubs

.iplt           0x08000180        0x0
 .iplt          0x00000000        0x0 main.o

.rel.dyn        0x08000180        0x0
 .rel.iplt      0x00000000        0x0 main.o

.data           0x20000000        0xc load address 0x08000180
                0x20000000                _S_data = .
 *(.data)
 .data          0x20000000        0xc main.o
                0x20000000                R_ODR
                0x20000004                g_var
                0x20000008                const_var
 .data          0x2000000c        0x0 startup.o
                0x2000000c                . = ALIGN (0x4)
                0x2000000c                _E_data = .

.igot.plt       0x2000000c        0x0 load address 0x0800018c
 .igot.plt      0x00000000        0x0 main.o

.bss            0x2000000c     0x1001 load address 0x0800018c
                0x2000000c                _S_bss = .
 *(.bss)
 .bss           0x2000000c        0x0 main.o
 .bss           0x2000000c        0x0 startup.o
                0x2000000c                _E_bss = .
                0x2000000c                . = ALIGN (0x4)
                0x2000100c                . = (. + 0x1000)
 *fill*         0x2000000c     0x1000 
                0x2000100c                _stack_top = .
 COMMON         0x2000100c        0x1 main.o
                0x2000100c                bss_var
LOAD main.o
LOAD startup.o
OUTPUT(learn-in-depth-cortex-m3.elf elf32-littlearm)

.debug_info     0x00000000      0x312
 .debug_info    0x00000000      0x19c main.o
 .debug_info    0x0000019c      0x176 startup.o

.debug_abbrev   0x00000000      0x1bb
 .debug_abbrev  0x00000000       0xe5 main.o
 .debug_abbrev  0x000000e5       0xd6 startup.o

.debug_loc      0x00000000       0x9c
 .debug_loc     0x00000000       0x38 main.o
 .debug_loc     0x00000038       0x64 startup.o

.debug_aranges  0x00000000       0x40
 .debug_aranges
                0x00000000       0x20 main.o
 .debug_aranges
                0x00000020       0x20 startup.o

.debug_line     0x00000000      0x147
 .debug_line    0x00000000       0x9b main.o
 .debug_line    0x0000009b       0xac startup.o

.debug_str      0x00000000      0x16b
 .debug_str     0x00000000       0xef main.o
                                0x128 (size before relaxing)
 .debug_str     0x000000ef       0x7c startup.o
                                0x150 (size before relaxing)

.comment        0x00000000       0x11
 .comment       0x00000000       0x11 main.o
                                 0x12 (size before relaxing)
 .comment       0x00000000       0x12 startup.o

.ARM.attributes
                0x00000000       0x33
 .ARM.attributes
                0x00000000       0x33 main.o
 .ARM.attributes
                0x00000033       0x33 startup.o

.debug_frame    0x00000000       0x78
 .debug_frame   0x00000000       0x2c main.o
 .debug_frame   0x0000002c       0x4c startup.o
